python: /home/users/2ai12_1/miniconda3/envs/benchseg/bin/python
Warning: 30 images have no corresponding label — skipping
90 cases -> /home/users/2ai12_1/fetai/boundary_first_then_refine/runs/20260907_163859/shells
grid=32³
sdf truncation=10.0 mm
[1/90]   0.1_I0000010  4.8s  head=21.4%  sdf=[-1.00, 1.00]
[2/90]   1.2.826.0.1.3680043.2.1125.1.11291567611277065491603057103508525  3.0s  head=10.4%  sdf=[-1.00, 1.00]
[3/90]   1.2.826.0.1.3680043.2.1125.1.1432948306801389247700350569259389  3.0s  head=12.6%  sdf=[-1.00, 1.00]
[4/90]   1.2.826.0.1.3680043.2.1125.1.1780487652653548044892677367197667  2.7s  head=9.1%  sdf=[-1.00, 1.00]
[5/90]   1.2.826.0.1.3680043.2.1125.1.18607371454764850994545652302013219  2.4s  head=17.6%  sdf=[-1.00, 1.00]
[6/90]   1.2.826.0.1.3680043.2.1125.1.19669953148307714709481391627834853  2.3s  head=19.2%  sdf=[-1.00, 1.00]
[7/90]   1.2.826.0.1.3680043.2.1125.1.19860997834440226418989988151626826  3.7s  head=16.9%  sdf=[-1.00, 1.00]
[8/90]   1.2.826.0.1.3680043.2.1125.1.22166946530659597208144913377246841  2.2s  head=11.1%  sdf=[-1.00, 1.00]
[9/90]   1.2.826.0.1.3680043.2.1125.1.22917751715607357016132817096367222  2.5s  head=19.3%  sdf=[-1.00, 1.00]
[10/90]   1.2.826.0.1.3680043.2.1125.1.23041738778467533146138672185224719  2.0s  head=13.6%  sdf=[-1.00, 1.00]
[11/90]   1.2.826.0.1.3680043.2.1125.1.23060860763406439911838119190275362  3.4s  head=21.3%  sdf=[-1.00, 1.00]
[12/90]   1.2.826.0.1.3680043.2.1125.1.23918871287728811649762559161313528  2.2s  head=16.2%  sdf=[-1.00, 1.00]
[13/90]   1.2.826.0.1.3680043.2.1125.1.24715925811027317482485640596799157  3.8s  head=12.8%  sdf=[-1.00, 1.00]
[14/90]   1.2.826.0.1.3680043.2.1125.1.25010157787367731984222024744157977  4.3s  head=17.4%  sdf=[-1.00, 1.00]
[15/90]   1.2.826.0.1.3680043.2.1125.1.25304138308204886191807960255762919  1.4s  head=7.0%  sdf=[-1.00, 1.00]
[16/90]   1.2.826.0.1.3680043.2.1125.1.2535652169993128143018065197142199  2.7s  head=18.5%  sdf=[-1.00, 1.00]
[17/90]   1.2.826.0.1.3680043.2.1125.1.25761412141766297609832545564312645  2.5s  head=16.1%  sdf=[-1.00, 1.00]
[18/90]   1.2.826.0.1.3680043.2.1125.1.26377385703549681788366253874979682  2.8s  head=15.5%  sdf=[-1.00, 1.00]
[19/90]   1.2.826.0.1.3680043.2.1125.1.27412375923939396032150815681501156  1.4s  head=21.9%  sdf=[-1.00, 1.00]
[20/90]   1.2.826.0.1.3680043.2.1125.1.27885161327479985834314083423094586  2.5s  head=16.2%  sdf=[-1.00, 1.00]
[21/90]   1.2.826.0.1.3680043.2.1125.1.28583742422959413914471653604540481  4.9s  head=10.6%  sdf=[-1.00, 1.00]
[22/90]   1.2.826.0.1.3680043.2.1125.1.30662819215998618631507749738713051  2.3s  head=13.9%  sdf=[-1.00, 1.00]
[23/90]   1.2.826.0.1.3680043.2.1125.1.33132290555587594693607041784331579  2.5s  head=12.3%  sdf=[-1.00, 1.00]
[24/90]   1.2.826.0.1.3680043.2.1125.1.34357915526740221598539217999296985  2.6s  head=17.9%  sdf=[-1.00, 1.00]
[25/90]   1.2.826.0.1.3680043.2.1125.1.34942834581610717872453599671792743  1.9s  head=14.7%  sdf=[-1.00, 1.00]
[26/90]   1.2.826.0.1.3680043.2.1125.1.37354758335257322139408029228410246  2.2s  head=17.8%  sdf=[-1.00, 1.00]
[27/90]   1.2.826.0.1.3680043.2.1125.1.38207070601735551662358985707418962  2.0s  head=17.1%  sdf=[-1.00, 1.00]
[28/90]   1.2.826.0.1.3680043.2.1125.1.40804879157750759336693322481512953  2.7s  head=14.7%  sdf=[-1.00, 1.00]
[29/90]   1.2.826.0.1.3680043.2.1125.1.42598879356002385375417419413181864  1.9s  head=14.2%  sdf=[-1.00, 1.00]
[30/90]   1.2.826.0.1.3680043.2.1125.1.44839638222354150581279084994812738  2.2s  head=12.2%  sdf=[-1.00, 1.00]
[31/90]   1.2.826.0.1.3680043.2.1125.1.46829191922340248386441340950245404  3.0s  head=15.6%  sdf=[-1.00, 1.00]
[32/90]   1.2.826.0.1.3680043.2.1125.1.49276498719564081528433865999392977  4.9s  head=11.0%  sdf=[-1.00, 1.00]
[33/90]   10_I0000092  3.6s  head=15.8%  sdf=[-1.00, 1.00]
[34/90]   11_I0000071  3.6s  head=12.1%  sdf=[-1.00, 1.00]
[35/90]   12_I0000013  2.8s  head=20.3%  sdf=[-1.00, 1.00]
[36/90]   13_I0000004  3.2s  head=19.2%  sdf=[-1.00, 1.00]
[37/90]   14_I0000010  4.2s  head=15.6%  sdf=[-1.00, 1.00]
[38/90]   15_I0000030  2.4s  head=17.2%  sdf=[-1.00, 1.00]
[39/90]   16_I0000027  2.2s  head=20.3%  sdf=[-1.00, 1.00]
[40/90]   17_I0000033  2.6s  head=16.9%  sdf=[-1.00, 1.00]
[41/90]   18_I0000004  2.0s  head=19.9%  sdf=[-1.00, 1.00]
[42/90]   19_I0000006  2.5s  head=18.5%  sdf=[-1.00, 1.00]
[43/90]   1_I0000029  5.9s  head=17.5%  sdf=[-1.00, 1.00]
[44/90]   20_I0000032  2.3s  head=14.0%  sdf=[-1.00, 1.00]
[45/90]   21_I0000006  2.4s  head=15.8%  sdf=[-1.00, 1.00]
[46/90]   21_I0000008  2.8s  head=14.8%  sdf=[-1.00, 1.00]
[47/90]   21_I0000028  3.3s  head=12.5%  sdf=[-1.00, 1.00]
[48/90]   22_I0000006  2.7s  head=15.3%  sdf=[-1.00, 1.00]
[49/90]   23_I0000004  2.3s  head=14.0%  sdf=[-1.00, 1.00]
[50/90]   24_I0000007  2.4s  head=17.2%  sdf=[-1.00, 1.00]
[51/90]   25_I0000006  2.1s  head=15.0%  sdf=[-1.00, 1.00]
[52/90]   26_I0000063  5.5s  head=12.9%  sdf=[-1.00, 1.00]
[53/90]   27_I0000012  3.0s  head=14.4%  sdf=[-1.00, 1.00]
[54/90]   27_I0000072  2.6s  head=17.1%  sdf=[-1.00, 1.00]
[55/90]   27_I0000073  2.5s  head=17.5%  sdf=[-1.00, 1.00]
[56/90]   28_I0000016  2.3s  head=12.4%  sdf=[-1.00, 1.00]
[57/90]   29_I0000006  2.1s  head=18.2%  sdf=[-1.00, 1.00]
[58/90]   2_I0000007  3.2s  head=14.4%  sdf=[-1.00, 1.00]
[59/90]   30_I0000014  3.1s  head=18.4%  sdf=[-1.00, 1.00]
[60/90]   30_I0000036  2.4s  head=16.6%  sdf=[-1.00, 1.00]
[61/90]   31_I0000076  2.3s  head=16.2%  sdf=[-1.00, 1.00]
[62/90]   32_I0000006  2.7s  head=13.8%  sdf=[-1.00, 1.00]
[63/90]   32_I0000047  2.1s  head=19.8%  sdf=[-1.00, 1.00]
[64/90]   33_I0000005  3.8s  head=15.4%  sdf=[-1.00, 1.00]
[65/90]   34_I0000004  3.3s  head=17.4%  sdf=[-1.00, 1.00]
[66/90]   35_I0000005  3.0s  head=16.2%  sdf=[-1.00, 1.00]
[67/90]   36_I0000005  2.4s  head=15.5%  sdf=[-1.00, 1.00]
[68/90]   37_I0000006  2.3s  head=17.5%  sdf=[-1.00, 1.00]
[69/90]   38_I0000007  2.7s  head=14.9%  sdf=[-1.00, 1.00]
[70/90]   39_I0000005  5.8s  head=15.6%  sdf=[-1.00, 1.00]
[71/90]   3_I0000006  2.4s  head=16.1%  sdf=[-1.00, 1.00]
[72/90]   40_I0000003  2.3s  head=16.1%  sdf=[-1.00, 1.00]
[73/90]   41_I0000005  3.5s  head=14.7%  sdf=[-1.00, 1.00]
[74/90]   42_I0000006  2.9s  head=13.3%  sdf=[-1.00, 1.00]
[75/90]   42_I0000038  2.4s  head=14.3%  sdf=[-1.00, 1.00]
[76/90]   43_I0000004  1.9s  head=23.4%  sdf=[-1.00, 1.00]
[77/90]   44_I0000039  5.1s  head=12.3%  sdf=[-1.00, 1.00]
[78/90]   44_I0000040  4.6s  head=9.8%  sdf=[-1.00, 1.00]
[79/90]   45_I0000006  2.5s  head=15.4%  sdf=[-1.00, 1.00]
[80/90]   46_I0000005  3.3s  head=13.0%  sdf=[-1.00, 1.00]
[81/90]   47_I0000006  2.7s  head=15.1%  sdf=[-1.00, 1.00]
[82/90]   48_I0000006  3.2s  head=15.1%  sdf=[-1.00, 1.00]
[83/90]   49_I0000005  2.6s  head=13.0%  sdf=[-1.00, 1.00]
[84/90]   4_I0000007  2.3s  head=17.1%  sdf=[-1.00, 1.00]
[85/90]   50_I0000005  2.3s  head=12.6%  sdf=[-1.00, 1.00]
[86/90]   5_I0000038  2.2s  head=12.7%  sdf=[-1.00, 1.00]
[87/90]   6_I0000005  2.9s  head=19.1%  sdf=[-1.00, 1.00]
[88/90]   7_I0000005  2.4s  head=16.3%  sdf=[-1.00, 1.00]
[89/90]   8_I0000004  2.3s  head=19.1%  sdf=[-1.00, 1.00]
[90/90]   9_I0000004  2.5s  head=17.8%  sdf=[-1.00, 1.00]

------------------------------------------------------------------------
  profile — make_shells   wall 257.6s
  span                     n      mean       p95     total   peak MB
  build_shell             90    2.862s    4.938s    257.6s         -
                       throughput 0.35 items/s
------------------------------------------------------------------------


Phase 1 dataset created successfully.
Device: cuda  Loss: l1  Run: /home/users/2ai12_1/fetai/boundary_first_then_refine/runs/20260907_163859/phase1
Saved splits to /home/users/2ai12_1/fetai/boundary_first_then_refine/runs/20260907_163859/splits.json  (train=72, val=18)
Train: 72  Val: 18
Epoch 001/50  train_loss=0.4058  val_loss=0.3479  val_mae=0.3479  val_dice=0.7307  *
Epoch 002/50  train_loss=0.2430  val_loss=0.2264  val_mae=0.2264  val_dice=0.7843  *
Epoch 003/50  train_loss=0.2024  val_loss=0.3211  val_mae=0.3211  val_dice=0.7155
Epoch 004/50  train_loss=0.1864  val_loss=0.2346  val_mae=0.2346  val_dice=0.7822
Epoch 005/50  train_loss=0.1642  val_loss=0.2033  val_mae=0.2033  val_dice=0.7853  *
Epoch 006/50  train_loss=0.1532  val_loss=0.1478  val_mae=0.1478  val_dice=0.8026  *
Epoch 007/50  train_loss=0.1422  val_loss=0.1404  val_mae=0.1404  val_dice=0.8187  *
Epoch 008/50  train_loss=0.1379  val_loss=0.2056  val_mae=0.2056  val_dice=0.7764
Epoch 009/50  train_loss=0.1290  val_loss=0.1298  val_mae=0.1298  val_dice=0.8281  *
Epoch 010/50  train_loss=0.1262  val_loss=0.1144  val_mae=0.1144  val_dice=0.8266  *
Epoch 011/50  train_loss=0.1157  val_loss=0.1101  val_mae=0.1101  val_dice=0.8487  *
Epoch 012/50  train_loss=0.1112  val_loss=0.1395  val_mae=0.1395  val_dice=0.8331
Epoch 013/50  train_loss=0.1066  val_loss=0.0943  val_mae=0.0943  val_dice=0.8599  *
Epoch 014/50  train_loss=0.1067  val_loss=0.1060  val_mae=0.1060  val_dice=0.8576
Epoch 015/50  train_loss=0.0950  val_loss=0.1032  val_mae=0.1032  val_dice=0.8649
Epoch 016/50  train_loss=0.0919  val_loss=0.1030  val_mae=0.1030  val_dice=0.8538
Epoch 017/50  train_loss=0.0879  val_loss=0.0933  val_mae=0.0933  val_dice=0.8697  *
Epoch 018/50  train_loss=0.0858  val_loss=0.0892  val_mae=0.0892  val_dice=0.8713  *
Epoch 019/50  train_loss=0.0861  val_loss=0.0886  val_mae=0.0886  val_dice=0.8809  *
Epoch 020/50  train_loss=0.0815  val_loss=0.0821  val_mae=0.0821  val_dice=0.8864  *
Epoch 021/50  train_loss=0.0771  val_loss=0.0767  val_mae=0.0767  val_dice=0.8905  *
Epoch 022/50  train_loss=0.0764  val_loss=0.0781  val_mae=0.0781  val_dice=0.8957
Epoch 023/50  train_loss=0.0731  val_loss=0.0819  val_mae=0.0819  val_dice=0.8815
Epoch 024/50  train_loss=0.0701  val_loss=0.0794  val_mae=0.0794  val_dice=0.8699
Epoch 025/50  train_loss=0.0723  val_loss=0.0904  val_mae=0.0904  val_dice=0.8489
Epoch 026/50  train_loss=0.0740  val_loss=0.0727  val_mae=0.0727  val_dice=0.8933  *
Epoch 027/50  train_loss=0.0694  val_loss=0.0661  val_mae=0.0661  val_dice=0.9079  *
Epoch 028/50  train_loss=0.0675  val_loss=0.0788  val_mae=0.0788  val_dice=0.8919
Epoch 029/50  train_loss=0.0657  val_loss=0.0625  val_mae=0.0625  val_dice=0.9139  *
Epoch 030/50  train_loss=0.0635  val_loss=0.0670  val_mae=0.0670  val_dice=0.9030
Epoch 031/50  train_loss=0.0661  val_loss=0.0629  val_mae=0.0629  val_dice=0.9124
Epoch 032/50  train_loss=0.0637  val_loss=0.0606  val_mae=0.0606  val_dice=0.9146  *
Epoch 033/50  train_loss=0.0632  val_loss=0.0620  val_mae=0.0620  val_dice=0.9120
Epoch 034/50  train_loss=0.0636  val_loss=0.0588  val_mae=0.0588  val_dice=0.9187  *
Epoch 035/50  train_loss=0.0603  val_loss=0.0570  val_mae=0.0570  val_dice=0.9213  *
Epoch 036/50  train_loss=0.0615  val_loss=0.0595  val_mae=0.0595  val_dice=0.9181
Epoch 037/50  train_loss=0.0612  val_loss=0.0582  val_mae=0.0582  val_dice=0.9193
Epoch 038/50  train_loss=0.0576  val_loss=0.0558  val_mae=0.0558  val_dice=0.9226  *
Epoch 039/50  train_loss=0.0592  val_loss=0.0542  val_mae=0.0542  val_dice=0.9242  *
Epoch 040/50  train_loss=0.0557  val_loss=0.0561  val_mae=0.0561  val_dice=0.9233
Epoch 041/50  train_loss=0.0578  val_loss=0.0554  val_mae=0.0554  val_dice=0.9238
Epoch 042/50  train_loss=0.0545  val_loss=0.0562  val_mae=0.0562  val_dice=0.9195
Epoch 043/50  train_loss=0.0557  val_loss=0.0548  val_mae=0.0548  val_dice=0.9235
Epoch 044/50  train_loss=0.0560  val_loss=0.0542  val_mae=0.0542  val_dice=0.9249
Epoch 045/50  train_loss=0.0555  val_loss=0.0546  val_mae=0.0546  val_dice=0.9246
Epoch 046/50  train_loss=0.0565  val_loss=0.0557  val_mae=0.0557  val_dice=0.9239
Epoch 047/50  train_loss=0.0568  val_loss=0.0547  val_mae=0.0547  val_dice=0.9249
Epoch 048/50  train_loss=0.0575  val_loss=0.0548  val_mae=0.0548  val_dice=0.9249
Epoch 049/50  train_loss=0.0580  val_loss=0.0549  val_mae=0.0549  val_dice=0.9247
Epoch 050/50  train_loss=0.0581  val_loss=0.0548  val_mae=0.0548  val_dice=0.9248

------------------------------------------------------------------------
  profile — phase1_train   wall 40.3s
  peak VRAM: 148 MB torch tensors
  span                     n      mean       p95     total   peak MB
  train_epoch             50    0.439s    0.486s     22.0s       148
                       throughput 163.98 items/s
                       data wait  3.2s (14% of span)
  val_epoch               50    0.350s    0.481s     17.5s        85
------------------------------------------------------------------------


Best val MAE : 0.0542
Checkpoint   : /home/users/2ai12_1/fetai/boundary_first_then_refine/runs/20260907_163859/phase1/checkpoints/phase1_best.pth
Log          : /home/users/2ai12_1/fetai/boundary_first_then_refine/runs/20260907_163859/phase1/train_log.csv
Loaded splits from /home/users/2ai12_1/fetai/boundary_first_then_refine/runs/20260907_163859/splits.json
Checkpoint: /home/users/2ai12_1/fetai/boundary_first_then_refine/runs/20260907_163859/phase1/checkpoints/phase1_best.pth
Split: val  Cases: 18  (interior = sdf < 0)


------------------------------------------------------------------------
  profile — phase1_eval   wall 0.7s
  peak VRAM: 21 MB torch tensors
  span                     n      mean       p95     total   peak MB
  inference_case          18    0.017s    0.036s      0.3s        21
                       throughput 60.14 items/s
------------------------------------------------------------------------

Case                               MAE    Dice
------------------------------------------------
  40_I0000003.npz               0.0430  0.9474
  28_I0000016.npz               0.0446  0.9289
  9_I0000004.npz                0.0448  0.9469
  1.2.826.0.1.3680043.2.1125.1.1432948306801389247700350569259389.npz  0.0467  0.9280
  1.2.826.0.1.3680043.2.1125.1.40804879157750759336693322481512953.npz  0.0647  0.8991
  27_I0000012.npz               0.0381  0.9442
  1.2.826.0.1.3680043.2.1125.1.18607371454764850994545652302013219.npz  0.0486  0.9397
  50_I0000005.npz               0.0589  0.8957
  44_I0000039.npz               0.0695  0.8902
  1.2.826.0.1.3680043.2.1125.1.27412375923939396032150815681501156.npz  0.0833  0.9309
  11_I0000071.npz               0.0428  0.9296
  16_I0000027.npz               0.0570  0.9436
  42_I0000038.npz               0.0419  0.9363
  1_I0000029.npz                0.0827  0.8824
  1.2.826.0.1.3680043.2.1125.1.44839638222354150581279084994812738.npz  0.0406  0.9373
  18_I0000004.npz               0.0663  0.9277
  1.2.826.0.1.3680043.2.1125.1.22166946530659597208144913377246841.npz  0.0472  0.9058
  33_I0000005.npz               0.0546  0.9223
------------------------------------------------

  Mean MAE  : 0.0542
  Std  MAE  : 0.0136

  Mean Dice : 0.9242
  Std  Dice : 0.0200
  Min  Dice : 0.8824
  Max  Dice : 0.9474

Summary saved to: /home/users/2ai12_1/fetai/boundary_first_then_refine/runs/20260907_163859/phase1/eval_val/summary.txt
Predictions saved to: /home/users/2ai12_1/fetai/boundary_first_then_refine/runs/20260907_163859/phase1/eval_val/preds
Phase 1 model loaded from /home/users/2ai12_1/fetai/boundary_first_then_refine/runs/20260907_163859/phase1/checkpoints/phase1_best.pth
Warning: 30 images without label — skipping
90 cases -> /home/users/2ai12_1/fetai/boundary_first_then_refine/runs/20260907_163859/crops
shells from /home/users/2ai12_1/fetai/boundary_first_then_refine/runs/20260907_163859/shells
padding=10 vox
[1/90]   0.1_I0000010  5.9s  native=(327, 264, 225)  crop=(274, 235, 211)
[2/90]   1.2.826.0.1.3680043.2.1125.1.11291567611277065491603057103508525  3.1s  native=(255, 275, 186)  crop=(195, 216, 154)
[3/90]   1.2.826.0.1.3680043.2.1125.1.1432948306801389247700350569259389  3.3s  native=(247, 275, 185)  crop=(199, 218, 168)
[4/90]   1.2.826.0.1.3680043.2.1125.1.1780487652653548044892677367197667  2.6s  native=(232, 269, 185)  crop=(184, 202, 151)
[5/90]   1.2.826.0.1.3680043.2.1125.1.18607371454764850994545652302013219  3.2s  native=(247, 243, 180)  crop=(207, 211, 167)
[6/90]   1.2.826.0.1.3680043.2.1125.1.19669953148307714709481391627834853  3.3s  native=(248, 234, 179)  crop=(213, 207, 169)
[7/90]   1.2.826.0.1.3680043.2.1125.1.19860997834440226418989988151626826  4.3s  native=(285, 269, 216)  crop=(244, 212, 191)
[8/90]   1.2.826.0.1.3680043.2.1125.1.22166946530659597208144913377246841  2.5s  native=(238, 233, 188)  crop=(193, 180, 165)
[9/90]   1.2.826.0.1.3680043.2.1125.1.22917751715607357016132817096367222  3.1s  native=(246, 252, 182)  crop=(208, 205, 167)
[10/90]   1.2.826.0.1.3680043.2.1125.1.23041738778467533146138672185224719  2.5s  native=(242, 237, 168)  crop=(196, 185, 154)
[11/90]   1.2.826.0.1.3680043.2.1125.1.23060860763406439911838119190275362  4.6s  native=(293, 245, 206)  crop=(257, 218, 198)
[12/90]   1.2.826.0.1.3680043.2.1125.1.23918871287728811649762559161313528  2.9s  native=(249, 228, 179)  crop=(202, 194, 166)
[13/90]   1.2.826.0.1.3680043.2.1125.1.24715925811027317482485640596799157  3.2s  native=(242, 294, 192)  crop=(191, 218, 165)
[14/90]   1.2.826.0.1.3680043.2.1125.1.25010157787367731984222024744157977  4.6s  native=(289, 256, 218)  crop=(245, 209, 210)
[15/90]   1.2.826.0.1.3680043.2.1125.1.25304138308204886191807960255762919  1.3s  native=(184, 247, 159)  crop=(141, 177, 126)
[16/90]   1.2.826.0.1.3680043.2.1125.1.2535652169993128143018065197142199  3.3s  native=(250, 267, 184)  crop=(208, 214, 164)
[17/90]   1.2.826.0.1.3680043.2.1125.1.25761412141766297609832545564312645  3.2s  native=(251, 249, 182)  crop=(207, 200, 173)
[18/90]   1.2.826.0.1.3680043.2.1125.1.26377385703549681788366253874979682  3.2s  native=(250, 247, 185)  crop=(208, 201, 167)
[19/90]   1.2.826.0.1.3680043.2.1125.1.27412375923939396032150815681501156  2.2s  native=(197, 229, 148)  crop=(184, 195, 143)
[20/90]   1.2.826.0.1.3680043.2.1125.1.27885161327479985834314083423094586  3.3s  native=(247, 245, 183)  crop=(211, 195, 171)
[21/90]   1.2.826.0.1.3680043.2.1125.1.28583742422959413914471653604540481  4.1s  native=(317, 289, 222)  crop=(219, 205, 171)
[22/90]   1.2.826.0.1.3680043.2.1125.1.30662819215998618631507749738713051  2.6s  native=(254, 225, 179)  crop=(199, 179, 167)
[23/90]   1.2.826.0.1.3680043.2.1125.1.33132290555587594693607041784331579  2.7s  native=(246, 251, 187)  crop=(186, 196, 161)
[24/90]   1.2.826.0.1.3680043.2.1125.1.34357915526740221598539217999296985  3.3s  native=(247, 253, 183)  crop=(214, 202, 172)
[25/90]   1.2.826.0.1.3680043.2.1125.1.34942834581610717872453599671792743  2.5s  native=(228, 229, 174)  crop=(194, 184, 160)
[26/90]   1.2.826.0.1.3680043.2.1125.1.37354758335257322139408029228410246  2.8s  native=(257, 218, 179)  crop=(212, 190, 164)
[27/90]   1.2.826.0.1.3680043.2.1125.1.38207070601735551662358985707418962  2.6s  native=(230, 233, 170)  crop=(191, 194, 153)
[28/90]   1.2.826.0.1.3680043.2.1125.1.40804879157750759336693322481512953  3.1s  native=(252, 259, 183)  crop=(196, 216, 160)
[29/90]   1.2.826.0.1.3680043.2.1125.1.42598879356002385375417419413181864  2.5s  native=(229, 249, 158)  crop=(192, 193, 146)
[30/90]   1.2.826.0.1.3680043.2.1125.1.44839638222354150581279084994812738  2.6s  native=(252, 250, 162)  crop=(200, 197, 142)
[31/90]   1.2.826.0.1.3680043.2.1125.1.46829191922340248386441340950245404  3.4s  native=(249, 283, 190)  crop=(201, 226, 167)
[32/90]   1.2.826.0.1.3680043.2.1125.1.49276498719564081528433865999392977  4.9s  native=(308, 298, 225)  crop=(231, 243, 190)
[33/90]   10_I0000092  4.0s  native=(274, 266, 205)  crop=(223, 218, 189)
[34/90]   11_I0000071  3.4s  native=(258, 267, 192)  crop=(214, 209, 167)
[35/90]   12_I0000013  3.9s  native=(250, 246, 185)  crop=(226, 220, 171)
[36/90]   13_I0000004  3.3s  native=(242, 249, 192)  crop=(214, 207, 173)
[37/90]   14_I0000010  4.3s  native=(268, 308, 208)  crop=(216, 256, 179)
[38/90]   15_I0000030  3.4s  native=(252, 247, 180)  crop=(213, 220, 162)
[39/90]   16_I0000027  3.1s  native=(252, 221, 179)  crop=(217, 202, 167)
[40/90]   17_I0000033  3.1s  native=(256, 254, 182)  crop=(212, 212, 158)
[41/90]   18_I0000004  2.8s  native=(232, 223, 178)  crop=(203, 195, 165)
[42/90]   19_I0000006  3.3s  native=(254, 251, 184)  crop=(218, 209, 165)
[43/90]   1_I0000029  5.9s  native=(350, 285, 237)  crop=(267, 232, 217)
[44/90]   20_I0000032  2.6s  native=(255, 230, 188)  crop=(201, 182, 172)
[45/90]   21_I0000006  3.0s  native=(246, 250, 182)  crop=(203, 206, 159)
[46/90]   21_I0000008  3.0s  native=(248, 252, 185)  crop=(201, 208, 158)
[47/90]   21_I0000028  3.5s  native=(273, 285, 190)  crop=(210, 225, 162)
[48/90]   22_I0000006  3.4s  native=(249, 265, 183)  crop=(203, 213, 170)
[49/90]   23_I0000004  2.7s  native=(248, 233, 183)  crop=(198, 190, 161)
[50/90]   24_I0000007  3.0s  native=(253, 239, 180)  crop=(207, 200, 165)
[51/90]   25_I0000006  2.6s  native=(239, 240, 178)  crop=(190, 195, 160)
[52/90]   26_I0000063  5.0s  native=(341, 267, 225)  crop=(273, 216, 196)
[53/90]   27_I0000012  3.6s  native=(285, 241, 198)  crop=(228, 192, 178)
[54/90]   27_I0000072  3.1s  native=(245, 259, 182)  crop=(196, 211, 165)
[55/90]   27_I0000073  3.2s  native=(254, 250, 182)  crop=(209, 201, 167)
[56/90]   28_I0000016  2.8s  native=(248, 243, 180)  crop=(201, 194, 160)
[57/90]   29_I0000006  2.8s  native=(251, 228, 174)  crop=(213, 187, 156)
[58/90]   2_I0000007  3.7s  native=(259, 277, 185)  crop=(214, 216, 169)
[59/90]   30_I0000014  3.7s  native=(256, 263, 185)  crop=(207, 225, 170)
[60/90]   30_I0000036  3.0s  native=(248, 252, 181)  crop=(200, 207, 165)
[61/90]   31_I0000076  2.8s  native=(245, 247, 169)  crop=(203, 202, 156)
[62/90]   32_I0000006  2.8s  native=(249, 244, 185)  crop=(199, 193, 166)
[63/90]   32_I0000047  3.0s  native=(241, 225, 178)  crop=(215, 191, 169)
[64/90]   33_I0000005  4.2s  native=(269, 292, 205)  crop=(222, 227, 185)
[65/90]   34_I0000004  3.7s  native=(261, 280, 185)  crop=(214, 226, 167)
[66/90]   35_I0000005  3.1s  native=(249, 265, 189)  crop=(202, 207, 168)
[67/90]   36_I0000005  2.9s  native=(245, 248, 180)  crop=(207, 194, 165)
[68/90]   37_I0000006  3.1s  native=(245, 239, 181)  crop=(212, 200, 169)
[69/90]   38_I0000007  3.3s  native=(251, 258, 190)  crop=(206, 203, 180)
[70/90]   39_I0000005  6.1s  native=(308, 319, 242)  crop=(253, 258, 216)
[71/90]   3_I0000006  2.6s  native=(240, 250, 181)  crop=(190, 195, 157)
[72/90]   40_I0000003  3.1s  native=(237, 240, 188)  crop=(199, 198, 170)
[73/90]   41_I0000005  4.0s  native=(241, 325, 200)  crop=(212, 249, 172)
[74/90]   42_I0000006  3.0s  native=(251, 256, 182)  crop=(202, 199, 164)
[75/90]   42_I0000038  3.1s  native=(248, 252, 181)  crop=(209, 197, 163)
[76/90]   43_I0000004  2.7s  native=(233, 216, 180)  crop=(203, 192, 169)
[77/90]   44_I0000039  5.3s  native=(279, 363, 206)  crop=(224, 285, 182)
[78/90]   44_I0000040  4.2s  native=(287, 330, 201)  crop=(208, 241, 173)
[79/90]   45_I0000006  3.3s  native=(248, 253, 184)  crop=(213, 200, 174)
[80/90]   46_I0000005  3.3s  native=(239, 296, 205)  crop=(196, 218, 181)
[81/90]   47_I0000006  3.1s  native=(252, 239, 185)  crop=(209, 202, 166)
[82/90]   48_I0000006  3.6s  native=(268, 279, 186)  crop=(216, 217, 172)
[83/90]   49_I0000005  3.1s  native=(251, 267, 184)  crop=(206, 214, 160)
[84/90]   4_I0000007  3.0s  native=(238, 239, 179)  crop=(205, 204, 163)
[85/90]   50_I0000005  2.5s  native=(216, 279, 177)  crop=(176, 212, 148)
[86/90]   5_I0000038  2.6s  native=(248, 234, 182)  crop=(206, 185, 159)
[87/90]   6_I0000005  3.4s  native=(246, 267, 197)  crop=(222, 209, 174)
[88/90]   7_I0000005  3.1s  native=(250, 245, 184)  crop=(211, 198, 168)
[89/90]   8_I0000004  3.4s  native=(242, 245, 180)  crop=(210, 204, 175)
[90/90]   9_I0000004  3.2s  native=(249, 253, 184)  crop=(208, 211, 167)

------------------------------------------------------------------------
  profile — make_crops   wall 302.9s
  peak VRAM: 96 MB torch tensors
  span                     n      mean       p95     total   peak MB
  build_crop              90    3.325s    4.984s    299.2s        96
                       throughput 0.30 items/s
------------------------------------------------------------------------


Phase 2 crops created successfully.
Device: cuda  Loss: dice_bce  AMP: False  Run: /home/users/2ai12_1/fetai/boundary_first_then_refine/runs/20260907_163859/phase2
Train: 72  Val: 18
Patches: 64^3 x 8/case  Effective batch: 8
Epoch 001/50  train_loss=0.6712  val_loss=0.5655  val_patch_dice=0.9106  *
Epoch 002/50  train_loss=0.4600  val_loss=0.3464  val_patch_dice=0.9059
Epoch 003/50  train_loss=0.3706  val_loss=0.3337  val_patch_dice=0.9128  *
Epoch 004/50  train_loss=0.3461  val_loss=0.3057  val_patch_dice=0.9152  *
Epoch 005/50  train_loss=0.3262  val_loss=0.2920  val_patch_dice=0.9132
Epoch 006/50  train_loss=0.3195  val_loss=0.2879  val_patch_dice=0.9141
Epoch 007/50  train_loss=0.3018  val_loss=0.2753  val_patch_dice=0.9157  *
Epoch 008/50  train_loss=0.3041  val_loss=0.2737  val_patch_dice=0.9155
Epoch 009/50  train_loss=0.3012  val_loss=0.2732  val_patch_dice=0.9151
Epoch 010/50  train_loss=0.3020  val_loss=0.2764  val_patch_dice=0.9113
Epoch 011/50  train_loss=0.3039  val_loss=0.2864  val_patch_dice=0.9100
Epoch 012/50  train_loss=0.2838  val_loss=0.2766  val_patch_dice=0.9129
Epoch 013/50  train_loss=0.3140  val_loss=0.3075  val_patch_dice=0.9073
Epoch 014/50  train_loss=0.2919  val_loss=0.2727  val_patch_dice=0.9141
Epoch 015/50  train_loss=0.2858  val_loss=0.2710  val_patch_dice=0.9139
Epoch 016/50  train_loss=0.2822  val_loss=0.2690  val_patch_dice=0.9156
Epoch 017/50  train_loss=0.3015  val_loss=0.2886  val_patch_dice=0.9121
Epoch 018/50  train_loss=0.3067  val_loss=0.2759  val_patch_dice=0.9134
Epoch 019/50  train_loss=0.2954  val_loss=0.2671  val_patch_dice=0.9151
Epoch 020/50  train_loss=0.2904  val_loss=0.2751  val_patch_dice=0.9150
Epoch 021/50  train_loss=0.2976  val_loss=0.2670  val_patch_dice=0.9155
Epoch 022/50  train_loss=0.2946  val_loss=0.2678  val_patch_dice=0.9159  *
Epoch 023/50  train_loss=0.3023  val_loss=0.2781  val_patch_dice=0.9128
Epoch 024/50  train_loss=0.2900  val_loss=0.2636  val_patch_dice=0.9160  *
Epoch 025/50  train_loss=0.2873  val_loss=0.2646  val_patch_dice=0.9155
Epoch 026/50  train_loss=0.2855  val_loss=0.2669  val_patch_dice=0.9149
Epoch 027/50  train_loss=0.2882  val_loss=0.2606  val_patch_dice=0.9166  *
Epoch 028/50  train_loss=0.2802  val_loss=0.2609  val_patch_dice=0.9168  *
Epoch 029/50  train_loss=0.2918  val_loss=0.2696  val_patch_dice=0.9154
Epoch 030/50  train_loss=0.2769  val_loss=0.2563  val_patch_dice=0.9176  *
Epoch 031/50  train_loss=0.2822  val_loss=0.2704  val_patch_dice=0.9151
Epoch 032/50  train_loss=0.2783  val_loss=0.2588  val_patch_dice=0.9171
Epoch 033/50  train_loss=0.2850  val_loss=0.2571  val_patch_dice=0.9173
Epoch 034/50  train_loss=0.2942  val_loss=0.2673  val_patch_dice=0.9156
Epoch 035/50  train_loss=0.2844  val_loss=0.2586  val_patch_dice=0.9179  *
Epoch 036/50  train_loss=0.2923  val_loss=0.2632  val_patch_dice=0.9168
Epoch 037/50  train_loss=0.2878  val_loss=0.2669  val_patch_dice=0.9152
Epoch 038/50  train_loss=0.2801  val_loss=0.2545  val_patch_dice=0.9183  *
Epoch 039/50  train_loss=0.2725  val_loss=0.2684  val_patch_dice=0.9154
Epoch 040/50  train_loss=0.2758  val_loss=0.2613  val_patch_dice=0.9170
Epoch 041/50  train_loss=0.2706  val_loss=0.2588  val_patch_dice=0.9176
Epoch 042/50  train_loss=0.2768  val_loss=0.2556  val_patch_dice=0.9185  *
Epoch 043/50  train_loss=0.2752  val_loss=0.2577  val_patch_dice=0.9181
Epoch 044/50  train_loss=0.2823  val_loss=0.2525  val_patch_dice=0.9190  *
Epoch 045/50  train_loss=0.2622  val_loss=0.2550  val_patch_dice=0.9182
Epoch 046/50  train_loss=0.2729  val_loss=0.2568  val_patch_dice=0.9184
Epoch 047/50  train_loss=0.2884  val_loss=0.2621  val_patch_dice=0.9165
Epoch 048/50  train_loss=0.2727  val_loss=0.2641  val_patch_dice=0.9161
Epoch 049/50  train_loss=0.2673  val_loss=0.2581  val_patch_dice=0.9178
Epoch 050/50  train_loss=0.2587  val_loss=0.2608  val_patch_dice=0.9170

------------------------------------------------------------------------
  profile — phase2_train   wall 1009.9s
  peak VRAM: 2062 MB torch tensors
  span                     n      mean       p95     total   peak MB
  train_epoch             50   16.220s   16.812s    811.0s      2062
                       throughput 35.51 items/s
                       data wait  229.3s (28% of span)
  val_epoch               50    3.755s    3.954s    187.8s      1041
------------------------------------------------------------------------


Best val patch Dice : 0.9190  (band only — full-volume Dice comes from evaluate_phase2.py)
Checkpoint    : /home/users/2ai12_1/fetai/boundary_first_then_refine/runs/20260907_163859/phase2/checkpoints/phase2_best.pth
Log           : /home/users/2ai12_1/fetai/boundary_first_then_refine/runs/20260907_163859/phase2/train_log.csv
Checkpoint: /home/users/2ai12_1/fetai/boundary_first_then_refine/runs/20260907_163859/phase2/checkpoints/phase2_best.pth
Split: val  Cases: 18  Threshold: 0.5
Tiles: 64^3  stride=32  (band read from the crops)


------------------------------------------------------------------------
  profile — phase2_eval   wall 26.6s
  peak VRAM: 999 MB torch tensors
  span                     n      mean       p95     total   peak MB
  inference_case          18    1.355s    2.078s     24.4s       999
                       throughput 132.02 items/s
------------------------------------------------------------------------

Case                             coarse  refined     band  tiles
----------------------------------------------------------------
  40_I0000003.npz               0.9289  0.9491  0.8864    180
  28_I0000016.npz               0.9355  0.9324  0.8497    144
  9_I0000004.npz                0.9163  0.9444  0.8828    180
  1.2.826.0.1.3680043.2.1125.1.1432948306801389247700350569259389.npz  0.9256  0.9274  0.8454    180
  1.2.826.0.1.3680043.2.1125.1.40804879157750759336693322481512953.npz  0.8821  0.9043  0.8258    144
  27_I0000012.npz               0.9179  0.9399  0.8738    175
  1.2.826.0.1.3680043.2.1125.1.18607371454764850994545652302013219.npz  0.9314  0.9444  0.8825    180
  50_I0000005.npz               0.8931  0.9098  0.8241    120
  44_I0000039.npz               0.8878  0.9002  0.8118    239
  1.2.826.0.1.3680043.2.1125.1.27412375923939396032150815681501156.npz  0.9111  0.9452  0.8886    120
  11_I0000071.npz               0.9460  0.9250  0.8305    180
  16_I0000027.npz               0.9190  0.9398  0.8655    180
  42_I0000038.npz               0.9260  0.9380  0.8666    180
  1_I0000029.npz                0.8506  0.8995  0.8390    334
  1.2.826.0.1.3680043.2.1125.1.44839638222354150581279084994812738.npz  0.9449  0.9392  0.8596    144
  18_I0000004.npz               0.9107  0.9327  0.8594    180
  1.2.826.0.1.3680043.2.1125.1.22166946530659597208144913377246841.npz  0.9195  0.9106  0.8142    150
  33_I0000005.npz               0.8958  0.9267  0.8619    210
----------------------------------------------------------------

  Mean Dice coarse  : 0.9135
  Mean Dice refined : 0.9282  (delta +0.0148)
  Mean Dice in band : 0.8538
  Std  Dice refined : 0.0160
  Min  Dice refined : 0.8995
  Max  Dice refined : 0.9491

Summary saved to: /home/users/2ai12_1/fetai/boundary_first_then_refine/runs/20260907_163859/phase2/eval_val/summary.txt
Predictions saved to: /home/users/2ai12_1/fetai/boundary_first_then_refine/runs/20260907_163859/phase2/eval_val/preds

Run: /home/users/2ai12_1/fetai/boundary_first_then_refine/runs/20260907_163859

============================================================
  Phase 1 — Build shells
============================================================


  Done in 260s

============================================================
  Phase 1 — Train
============================================================


  Done in 44s

============================================================
  Phase 1 — Evaluate
============================================================


  Done in 3s

============================================================
  Phase 2 — Build crops
============================================================


  Done in 306s

============================================================
  Phase 2 — Train
============================================================


  Done in 1014s

============================================================
  Phase 2 — Evaluate
============================================================


  Done in 30s

============================================================
  Pipeline complete — 27.6 min
  Results in: /home/users/2ai12_1/fetai/boundary_first_then_refine/runs/20260907_163859
============================================================

